// Jest Snapshot v1, https://goo.gl/fbAQLP

exports[`<SearchForm /> SearchForm renders correctly 1`] = `
.c4 {
  display: block;
  position: absolute;
  top: calc(50% - 1.25em);
  left: calc(4.5em - 2.25em);
}

.c2 {
  display: none;
}

.c5 {
  all: unset;
  display: none;
  position: absolute;
  top: calc(50% - 1.25em);
  left: calc(4.5em - 2.25em);
}

.c6 {
  border: 1px solid transparent;
  border-radius: 50%;
  background-color: #CE2F7C;
  position: absolute;
  padding: 1.5em;
  top: calc(50% - 3.125em);
  right: 0.75em;
}

.c6:disabled {
  opacity: 0.5;
}

.c1 {
  display: flex;
  position: relative;
  flex-direction: column;
  gap: 2em;
  align-items: center;
}

.c0 {
  display: flex;
  flex-direction: column;
  margin-bottom: 1.5em;
}

.c0 p {
  margin-left: 0.625em;
  color: #BA1B23;
}

.c3 {
  position: relative;
  flex-grow: 1;
  resize: none;
  overflow: hidden;
  border: 1px solid #e5e5e5;
  box-shadow: 0px 0px 15px 0px rgba(0, 0, 0, 0.1);
  border-radius: 3.5em;
  box-sizing: border-box;
  width: 47.5em;
  padding: 2.75em 7.75em 2.75em 4.875em;
  color: #242424;
  font-size: 1.125rem;
  line-height: normal;
  text-align: start;
}

.c3::placeholder {
  opacity: 0.6;
}

@media (max-width: 1280px) {
  .c4 {
    top: calc(50% - 1.25em);
  }
}

@media (max-width: 768px) {
  .c4 {
    top: calc(50% - 1.25em);
    left: calc(4.5em - 2.25em);
  }
}

@media (max-width: 1280px) {
  .c5 {
    top: calc(50% - 1.25em);
  }
}

@media (max-width: 768px) {
  .c5 {
    top: calc(50% - 1.25em);
    left: calc(4.5em - 2.25em);
  }
}

@media (max-width: 1280px) {
  .c6 {
    top: calc(50% - 3.125em);
  }
}

@media (max-width: 768px) {
  .c6 {
    top: calc(50% - 3.125em);
  }
}

@media (max-width: 1280px) {
  .c3 {
    width: 42em;
  }
}

@media (max-width: 768px) {
  .c3 {
    width: 36em;
  }
}

<form
  class="c0"
  role="search"
>
  <div
    class="c1"
  >
    <div
      class="c2"
    />
    <textarea
      class="c3"
      id="q"
      name="givenSentence"
      placeholder="Search here to find your research team"
      role="textarea"
      rows="1"
    />
    <svg
      class="c4"
      fill="#242424"
      height="40"
      width="40"
      xmlns="http://www.w3.org/2000/svg"
    >
      <title>
        search
      </title>
      <g>
        <path
          d="M25.833 23.333h-1.316l-.467-.45a10.786 10.786 0 0 0 2.617-7.05C26.667 9.85 21.817 5 15.833 5 9.85 5 5 9.85 5 15.833c0 5.984 4.85 10.834 10.833 10.834 2.684 0 5.15-.984 7.05-2.617l.45.467v1.316l8.334 8.317 2.483-2.483-8.317-8.334Zm-10 0a7.49 7.49 0 0 1-7.5-7.5c0-4.15 3.35-7.5 7.5-7.5s7.5 3.35 7.5 7.5-3.35 7.5-7.5 7.5Z"
          fill="#8F8F8F"
        />
      </g>
    </svg>
    <button
      class="c5"
      role="reset"
      type="button"
    >
      <svg
        fill="#242424"
        height="40"
        width="40"
        xmlns="http://www.w3.org/2000/svg"
      >
        <title>
          reset
        </title>
        <g>
          <path
            d="m31.666 10.683-2.35-2.35L20 17.65l-9.317-9.317-2.35 2.35L17.65 20l-9.317 9.317 2.35 2.35L20 22.35l9.316 9.317 2.35-2.35L22.35 20l9.316-9.317Z"
            fill="#515151"
          />
        </g>
      </svg>
    </button>
    <button
      class="c6"
      disabled=""
      role="submit"
      type="submit"
    >
      <svg
        fill="white"
        height="45"
        viewBox="0 0 45 45"
        width="45"
        xmlns="http://www.w3.org/2000/svg"
      >
        <title>
          submit
        </title>
        <g>
          <path
            d="M22.5 7.5L19.8563 10.1437L30.3188 20.625H7.5V24.375H30.3188L19.8563 34.8563L22.5 37.5L37.5 22.5L22.5 7.5Z"
          />
        </g>
      </svg>
    </button>
  </div>
</form>
`;
