// Jest Snapshot v1, https://goo.gl/fbAQLP

exports[`Card component Card renders correctly 1`] = `
.c2 {
  color: white;
  margin: 0;
  text-transform: none;
}

.c3 {
  font-size: 24px;
  font-weight: 700;
}

.c6 {
  color: white;
  margin: 0;
  text-transform: none;
}

.c16 {
  color: #242424;
  margin: 0;
  text-transform: none;
}

.c17 {
  font-size: 16px;
  font-weight: 400;
}

.c9 {
  font-size: 16px;
  font-weight: 700;
}

.c7 {
  font-size: 14px;
  font-weight: 600;
}

.c10 {
  padding: 0.375em 0.5em;
  background-color: #2B2D42;
  border-radius: 1.25em;
}

.c11 {
  text-transform: uppercase;
  font-size: normal;
  color: white;
}

.c5 {
  display: flex;
  justify-content: center;
  align-items: center;
  gap: 0.25em;
}

.c8 {
  text-transform: uppercase;
  overflow: hidden;
  white-space: nowrap;
  text-overflow: ellipsis;
  max-width: 38em;
}

.c4 {
  display: flex;
  flex-flow: nowrap;
  justify-content: space-between;
}

.c1 {
  flex-grow: 1;
  display: flex;
  flex-direction: column;
  align-content: start;
  gap: 1em;
}

.c0 {
  display: flex;
  justify-content: space-between;
  align-items: center;
  gap: 1.5em;
  padding: 1.5em;
  border: 1px solid #c9d2ec;
  border-top-left-radius: 1.25em;
  border-top-right-radius: 1.25em;
  background-color: #434660;
  margin-bottom: 0;
}

.c0[data-state='closed'] {
  border-radius: 1.25em;
}

.c12 {
  all: unset;
  padding: 0.375em;
  height: 1.375em;
  width: 1.375em;
  border: 2px solid #c9d2ec;
  border-radius: 50%;
}

.c12[data-state='open']>svg {
  transform: rotate(180deg);
}

.c15 {
  display: inline-block;
  color: #2B2D42;
  font-size: 1.25rem;
  font-weight: 600;
  line-height: 1.5;
}

.c18 {
  line-height: 2.25;
  text-align: start;
}

.c14 {
  display: flex;
  flex-direction: column;
  gap: 1em;
  padding: 2em;
  width: 100%;
  background-color: #F4F7F8;
  border-bottom: 1px solid #c9d2ec;
}

.c13 {
  display: flex;
  flex-direction: column;
  align-items: center;
  border: 1px solid #c9d2ec;
  border-top: 0;
  border-bottom: 0;
}

.c13[data-state='closed'] {
  border: 0;
}

@media (max-width: 1600px) {
  .c8 {
    max-width: 28em;
  }
}

@media (max-width: 1440px) {
  .c8 {
    max-width: 16em;
  }
}

<div
  data-orientation="vertical"
>
  <div
    data-orientation="vertical"
    data-state="open"
  >
    <h3
      class="c0"
      data-orientation="vertical"
      data-state="open"
    >
      <div
        class="c1"
      >
        <h3
          class="c2 c3"
          color="white"
        >
          Leonard Hofstadter
        </h3>
        <div
          class="c4"
        >
          <div
            class="c5"
          >
            <svg
              fill="none"
              height="26"
              width="27"
              xmlns="http://www.w3.org/2000/svg"
            >
              <title>
                author
              </title>
              <g>
                <path
                  d="M13.5 11.917c1.44 0 4.333.726 4.333 2.166v.174A5.724 5.724 0 0 1 13.5 16.25a5.724 5.724 0 0 1-4.334-1.993v-.174c0-1.44 2.893-2.166 4.334-2.166Zm0-1.084a2.173 2.173 0 0 1-2.167-2.166c0-1.192.975-2.167 2.167-2.167 1.191 0 2.166.975 2.166 2.167a2.173 2.173 0 0 1-2.166 2.166Zm6.5.217c0-3.932-2.871-6.717-6.5-6.717-3.63 0-6.5 2.785-6.5 6.717 0 2.535 2.112 5.893 6.5 9.902 4.387-4.009 6.5-7.367 6.5-9.902Zm-6.5-8.883c4.55 0 8.666 3.488 8.666 8.883 0 3.597-2.892 7.854-8.666 12.783-5.774-4.929-8.667-9.186-8.667-12.783 0-5.395 4.117-8.883 8.667-8.883Z"
                  fill="#fff"
                />
              </g>
            </svg>
            <p
              class="c6 c7 c8"
              color="white"
            >
              Princeton University
            </p>
          </div>
          <p
            class="c6 c9 c10"
            color="white"
          >
            ORCID 
            <strong
              class="c11"
            >
              0000-0000-0000-0001
            </strong>
          </p>
        </div>
      </div>
      <button
        aria-controls="radix-:r1:"
        aria-expanded="true"
        class="c12"
        data-orientation="vertical"
        data-radix-collection-item=""
        data-state="open"
        id="radix-:r0:"
        type="button"
      >
        <svg
          fill="none"
          height="24"
          width="25"
          xmlns="http://www.w3.org/2000/svg"
        >
          <g>
            <path
              d="m7.91 15.41 4.59-4.58 4.59 4.58L18.5 14l-6-6-6 6 1.41 1.41Z"
              fill="#C9D2EC"
            />
          </g>
        </svg>
      </button>
    </h3>
    <div
      aria-labelledby="radix-:r0:"
      class="c13"
      data-orientation="vertical"
      data-state="open"
      id="radix-:r1:"
      role="region"
      style="--radix-accordion-content-height: var(--radix-collapsible-content-height); --radix-accordion-content-width: var(--radix-collapsible-content-width); transition-duration: 0s; animation-name: none;"
    >
      <div
        class="c14"
      >
        <span
          class="c15"
        >
          test title
        </span>
        <p
          class="c16 c17 c18"
          color="#242424"
        >
          test description
        </p>
      </div>
    </div>
  </div>
</div>
`;
